[2020-10-21T11:00:48.797+0800][gc,heap] Heap region size: 1M
[2020-10-21T11:00:48.807+0800][gc     ] Using G1
[2020-10-21T11:00:48.807+0800][gc,heap,coops] Heap address: 0x00000007c0000000, size: 1024 MB, Compressed Oops mode: Zero based, Oop shift amount: 3
[2020-10-21T11:00:49.858+0800][gc,start     ] GC(0) Pause Young (Concurrent Start) (Metadata GC Threshold)
[2020-10-21T11:00:49.859+0800][gc,task      ] GC(0) Using 10 workers of 10 for evacuation
[2020-10-21T11:00:49.869+0800][gc,phases    ] GC(0)   Pre Evacuate Collection Set: 0.0ms
[2020-10-21T11:00:49.869+0800][gc,phases    ] GC(0)   Evacuate Collection Set: 9.4ms
[2020-10-21T11:00:49.869+0800][gc,phases    ] GC(0)   Post Evacuate Collection Set: 0.5ms
[2020-10-21T11:00:49.869+0800][gc,phases    ] GC(0)   Other: 1.3ms
[2020-10-21T11:00:49.869+0800][gc,heap      ] GC(0) Eden regions: 41->0(44)
[2020-10-21T11:00:49.869+0800][gc,heap      ] GC(0) Survivor regions: 0->7(7)
[2020-10-21T11:00:49.869+0800][gc,heap      ] GC(0) Old regions: 0->0
[2020-10-21T11:00:49.869+0800][gc,heap      ] GC(0) Humongous regions: 0->0
[2020-10-21T11:00:49.869+0800][gc,metaspace ] GC(0) Metaspace: 20675K->20675K(1069056K)
[2020-10-21T11:00:49.869+0800][gc           ] GC(0) Pause Young (Concurrent Start) (Metadata GC Threshold) 41M->6M(1024M) 11.348ms
[2020-10-21T11:00:49.869+0800][gc,cpu       ] GC(0) User=0.02s Sys=0.01s Real=0.01s
[2020-10-21T11:00:49.869+0800][gc           ] GC(1) Concurrent Cycle
[2020-10-21T11:00:49.869+0800][gc,marking   ] GC(1) Concurrent Clear Claimed Marks
[2020-10-21T11:00:49.869+0800][gc,marking   ] GC(1) Concurrent Clear Claimed Marks 0.030ms
[2020-10-21T11:00:49.869+0800][gc,marking   ] GC(1) Concurrent Scan Root Regions
[2020-10-21T11:00:49.872+0800][gc,marking   ] GC(1) Concurrent Scan Root Regions 2.284ms
[2020-10-21T11:00:49.872+0800][gc,marking   ] GC(1) Concurrent Mark (1.086s)
[2020-10-21T11:00:49.872+0800][gc,marking   ] GC(1) Concurrent Mark From Roots
[2020-10-21T11:00:49.872+0800][gc,task      ] GC(1) Using 3 workers of 3 for marking
[2020-10-21T11:00:49.872+0800][gc,marking   ] GC(1) Concurrent Mark From Roots 0.218ms
[2020-10-21T11:00:49.872+0800][gc,marking   ] GC(1) Concurrent Preclean
[2020-10-21T11:00:49.872+0800][gc,marking   ] GC(1) Concurrent Preclean 0.049ms
[2020-10-21T11:00:49.872+0800][gc,marking   ] GC(1) Concurrent Mark (1.086s, 1.086s) 0.331ms
[2020-10-21T11:00:49.872+0800][gc,start     ] GC(1) Pause Remark
[2020-10-21T11:00:49.874+0800][gc,stringtable] GC(1) Cleaned string and symbol table, strings: 7272 processed, 0 removed, symbols: 63815 processed, 29 removed
[2020-10-21T11:00:49.874+0800][gc            ] GC(1) Pause Remark 6M->6M(1024M) 2.196ms
[2020-10-21T11:00:49.874+0800][gc,cpu        ] GC(1) User=0.02s Sys=0.00s Real=0.00s
[2020-10-21T11:00:49.874+0800][gc,marking    ] GC(1) Concurrent Rebuild Remembered Sets
[2020-10-21T11:00:49.875+0800][gc,marking    ] GC(1) Concurrent Rebuild Remembered Sets 0.053ms
[2020-10-21T11:00:49.875+0800][gc,start      ] GC(1) Pause Cleanup
[2020-10-21T11:00:49.875+0800][gc            ] GC(1) Pause Cleanup 6M->6M(1024M) 0.135ms
[2020-10-21T11:00:49.875+0800][gc,cpu        ] GC(1) User=0.00s Sys=0.00s Real=0.00s
[2020-10-21T11:00:49.875+0800][gc,marking    ] GC(1) Concurrent Cleanup for Next Mark
[2020-10-21T11:00:49.881+0800][gc,marking    ] GC(1) Concurrent Cleanup for Next Mark 5.912ms
[2020-10-21T11:00:49.881+0800][gc            ] GC(1) Concurrent Cycle 11.466ms
[2020-10-21T11:00:52.245+0800][gc,start      ] GC(2) Pause Young (Normal) (G1 Evacuation Pause)
[2020-10-21T11:00:52.245+0800][gc,task       ] GC(2) Using 10 workers of 10 for evacuation
[2020-10-21T11:00:52.261+0800][gc,phases     ] GC(2)   Pre Evacuate Collection Set: 0.1ms
[2020-10-21T11:00:52.262+0800][gc,phases     ] GC(2)   Evacuate Collection Set: 13.5ms
[2020-10-21T11:00:52.262+0800][gc,phases     ] GC(2)   Post Evacuate Collection Set: 2.3ms
[2020-10-21T11:00:52.262+0800][gc,phases     ] GC(2)   Other: 0.5ms
[2020-10-21T11:00:52.262+0800][gc,heap       ] GC(2) Eden regions: 44->0(49)
[2020-10-21T11:00:52.262+0800][gc,heap       ] GC(2) Survivor regions: 7->2(7)
[2020-10-21T11:00:52.262+0800][gc,heap       ] GC(2) Old regions: 0->7
[2020-10-21T11:00:52.262+0800][gc,heap       ] GC(2) Humongous regions: 0->0
[2020-10-21T11:00:52.262+0800][gc,metaspace  ] GC(2) Metaspace: 29489K->29489K(1077248K)
[2020-10-21T11:00:52.262+0800][gc            ] GC(2) Pause Young (Normal) (G1 Evacuation Pause) 50M->8M(1024M) 16.530ms
[2020-10-21T11:00:52.262+0800][gc,cpu        ] GC(2) User=0.07s Sys=0.03s Real=0.02s
[2020-10-21T11:00:52.804+0800][gc,start      ] GC(3) Pause Young (Concurrent Start) (Metadata GC Threshold)
[2020-10-21T11:00:52.804+0800][gc,task       ] GC(3) Using 10 workers of 10 for evacuation
[2020-10-21T11:00:52.806+0800][gc,phases     ] GC(3)   Pre Evacuate Collection Set: 0.1ms
[2020-10-21T11:00:52.806+0800][gc,phases     ] GC(3)   Evacuate Collection Set: 1.7ms
[2020-10-21T11:00:52.806+0800][gc,phases     ] GC(3)   Post Evacuate Collection Set: 0.2ms
[2020-10-21T11:00:52.806+0800][gc,phases     ] GC(3)   Other: 0.2ms
[2020-10-21T11:00:52.806+0800][gc,heap       ] GC(3) Eden regions: 25->0(48)
[2020-10-21T11:00:52.806+0800][gc,heap       ] GC(3) Survivor regions: 2->3(7)
[2020-10-21T11:00:52.806+0800][gc,heap       ] GC(3) Old regions: 7->7
[2020-10-21T11:00:52.806+0800][gc,heap       ] GC(3) Humongous regions: 129->129
[2020-10-21T11:00:52.806+0800][gc,metaspace  ] GC(3) Metaspace: 34764K->34764K(1081344K)
[2020-10-21T11:00:52.806+0800][gc            ] GC(3) Pause Young (Concurrent Start) (Metadata GC Threshold) 162M->138M(1024M) 2.255ms
[2020-10-21T11:00:52.806+0800][gc,cpu        ] GC(3) User=0.01s Sys=0.01s Real=0.00s
[2020-10-21T11:00:52.806+0800][gc            ] GC(4) Concurrent Cycle
[2020-10-21T11:00:52.806+0800][gc,marking    ] GC(4) Concurrent Clear Claimed Marks
[2020-10-21T11:00:52.806+0800][gc,marking    ] GC(4) Concurrent Clear Claimed Marks 0.026ms
[2020-10-21T11:00:52.806+0800][gc,marking    ] GC(4) Concurrent Scan Root Regions
[2020-10-21T11:00:52.807+0800][gc,marking    ] GC(4) Concurrent Scan Root Regions 0.939ms
[2020-10-21T11:00:52.807+0800][gc,marking    ] GC(4) Concurrent Mark (4.022s)
[2020-10-21T11:00:52.807+0800][gc,marking    ] GC(4) Concurrent Mark From Roots
[2020-10-21T11:00:52.807+0800][gc,task       ] GC(4) Using 3 workers of 3 for marking
[2020-10-21T11:00:52.811+0800][gc,marking    ] GC(4) Concurrent Mark From Roots 3.270ms
[2020-10-21T11:00:52.811+0800][gc,marking    ] GC(4) Concurrent Preclean
[2020-10-21T11:00:52.811+0800][gc,marking    ] GC(4) Concurrent Preclean 0.066ms
[2020-10-21T11:00:52.811+0800][gc,marking    ] GC(4) Concurrent Mark (4.022s, 4.025s) 3.402ms
[2020-10-21T11:00:52.811+0800][gc,start      ] GC(4) Pause Remark
[2020-10-21T11:00:52.812+0800][gc,stringtable] GC(4) Cleaned string and symbol table, strings: 10935 processed, 6 removed, symbols: 95060 processed, 17 removed
[2020-10-21T11:00:52.812+0800][gc            ] GC(4) Pause Remark 138M->138M(1024M) 1.588ms
[2020-10-21T11:00:52.812+0800][gc,cpu        ] GC(4) User=0.02s Sys=0.00s Real=0.00s
[2020-10-21T11:00:52.812+0800][gc,marking    ] GC(4) Concurrent Rebuild Remembered Sets
[2020-10-21T11:00:52.815+0800][gc,marking    ] GC(4) Concurrent Rebuild Remembered Sets 2.012ms
[2020-10-21T11:00:52.815+0800][gc,start      ] GC(4) Pause Cleanup
[2020-10-21T11:00:52.815+0800][gc            ] GC(4) Pause Cleanup 138M->138M(1024M) 0.145ms
[2020-10-21T11:00:52.815+0800][gc,cpu        ] GC(4) User=0.00s Sys=0.00s Real=0.00s
[2020-10-21T11:00:52.815+0800][gc,marking    ] GC(4) Concurrent Cleanup for Next Mark
[2020-10-21T11:00:52.821+0800][gc,marking    ] GC(4) Concurrent Cleanup for Next Mark 6.118ms
[2020-10-21T11:00:52.821+0800][gc            ] GC(4) Concurrent Cycle 14.764ms
[2020-10-21T11:00:54.116+0800][gc,start      ] GC(5) Pause Young (Normal) (G1 Evacuation Pause)
[2020-10-21T11:00:54.117+0800][gc,task       ] GC(5) Using 10 workers of 10 for evacuation
[2020-10-21T11:00:54.130+0800][gc,phases     ] GC(5)   Pre Evacuate Collection Set: 0.1ms
[2020-10-21T11:00:54.130+0800][gc,phases     ] GC(5)   Evacuate Collection Set: 11.3ms
[2020-10-21T11:00:54.130+0800][gc,phases     ] GC(5)   Post Evacuate Collection Set: 1.1ms
[2020-10-21T11:00:54.130+0800][gc,phases     ] GC(5)   Other: 0.9ms
[2020-10-21T11:00:54.130+0800][gc,heap       ] GC(5) Eden regions: 48->0(44)
[2020-10-21T11:00:54.130+0800][gc,heap       ] GC(5) Survivor regions: 3->7(7)
[2020-10-21T11:00:54.130+0800][gc,heap       ] GC(5) Old regions: 7->7
[2020-10-21T11:00:54.130+0800][gc,heap       ] GC(5) Humongous regions: 129->129
[2020-10-21T11:00:54.130+0800][gc,metaspace  ] GC(5) Metaspace: 43066K->43066K(1089536K)
[2020-10-21T11:00:54.130+0800][gc            ] GC(5) Pause Young (Normal) (G1 Evacuation Pause) 186M->141M(1024M) 13.533ms
[2020-10-21T11:00:54.130+0800][gc,cpu        ] GC(5) User=0.08s Sys=0.02s Real=0.02s
[2020-10-21T11:10:34.090+0800][gc,start      ] GC(6) Pause Young (Normal) (G1 Evacuation Pause)
[2020-10-21T11:10:34.090+0800][gc,task       ] GC(6) Using 10 workers of 10 for evacuation
[2020-10-21T11:10:34.121+0800][gc,mmu        ] GC(6) MMU target violated: 21.0ms (20.0ms/21.0ms)
[2020-10-21T11:10:34.121+0800][gc,phases     ] GC(6)   Pre Evacuate Collection Set: 1.0ms
[2020-10-21T11:10:34.121+0800][gc,phases     ] GC(6)   Evacuate Collection Set: 29.7ms
[2020-10-21T11:10:34.122+0800][gc,phases     ] GC(6)   Post Evacuate Collection Set: 0.8ms
[2020-10-21T11:10:34.122+0800][gc,phases     ] GC(6)   Other: 0.5ms
[2020-10-21T11:10:34.122+0800][gc,heap       ] GC(6) Eden regions: 44->0(48)
[2020-10-21T11:10:34.122+0800][gc,heap       ] GC(6) Survivor regions: 7->3(7)
[2020-10-21T11:10:34.122+0800][gc,heap       ] GC(6) Old regions: 7->13
[2020-10-21T11:10:34.122+0800][gc,heap       ] GC(6) Humongous regions: 147->129
[2020-10-21T11:10:34.122+0800][gc,metaspace  ] GC(6) Metaspace: 46478K->46478K(1091584K)
[2020-10-21T11:10:34.122+0800][gc            ] GC(6) Pause Young (Normal) (G1 Evacuation Pause) 203M->144M(1024M) 32.093ms
[2020-10-21T11:10:34.122+0800][gc,cpu        ] GC(6) User=0.05s Sys=0.13s Real=0.03s
[2020-10-21T11:23:41.427+0800][gc,start      ] GC(7) Pause Young (Normal) (G1 Evacuation Pause)
[2020-10-21T11:23:41.428+0800][gc,task       ] GC(7) Using 10 workers of 10 for evacuation
[2020-10-21T11:23:41.451+0800][gc,mmu        ] GC(7) MMU target violated: 21.0ms (20.0ms/21.0ms)
[2020-10-21T11:23:41.451+0800][gc,phases     ] GC(7)   Pre Evacuate Collection Set: 3.2ms
[2020-10-21T11:23:41.451+0800][gc,phases     ] GC(7)   Evacuate Collection Set: 18.7ms
[2020-10-21T11:23:41.451+0800][gc,phases     ] GC(7)   Post Evacuate Collection Set: 0.7ms
[2020-10-21T11:23:41.451+0800][gc,phases     ] GC(7)   Other: 1.0ms
[2020-10-21T11:23:41.451+0800][gc,heap       ] GC(7) Eden regions: 48->0(48)
[2020-10-21T11:23:41.451+0800][gc,heap       ] GC(7) Survivor regions: 3->3(7)
[2020-10-21T11:23:41.451+0800][gc,heap       ] GC(7) Old regions: 13->13
[2020-10-21T11:23:41.451+0800][gc,heap       ] GC(7) Humongous regions: 129->129
[2020-10-21T11:23:41.451+0800][gc,metaspace  ] GC(7) Metaspace: 46830K->46830K(1091584K)
[2020-10-21T11:23:41.451+0800][gc            ] GC(7) Pause Young (Normal) (G1 Evacuation Pause) 192M->144M(1024M) 23.630ms
[2020-10-21T11:23:41.451+0800][gc,cpu        ] GC(7) User=0.03s Sys=0.06s Real=0.03s
[2020-10-21T11:36:37.234+0800][gc,start      ] GC(8) Pause Young (Normal) (G1 Evacuation Pause)
[2020-10-21T11:36:37.234+0800][gc,task       ] GC(8) Using 10 workers of 10 for evacuation
[2020-10-21T11:36:37.254+0800][gc,phases     ] GC(8)   Pre Evacuate Collection Set: 2.6ms
[2020-10-21T11:36:37.254+0800][gc,phases     ] GC(8)   Evacuate Collection Set: 14.7ms
[2020-10-21T11:36:37.254+0800][gc,phases     ] GC(8)   Post Evacuate Collection Set: 2.0ms
[2020-10-21T11:36:37.254+0800][gc,phases     ] GC(8)   Other: 0.8ms
[2020-10-21T11:36:37.254+0800][gc,heap       ] GC(8) Eden regions: 48->0(48)
[2020-10-21T11:36:37.254+0800][gc,heap       ] GC(8) Survivor regions: 3->3(7)
[2020-10-21T11:36:37.254+0800][gc,heap       ] GC(8) Old regions: 13->13
[2020-10-21T11:36:37.254+0800][gc,heap       ] GC(8) Humongous regions: 129->129
[2020-10-21T11:36:37.254+0800][gc,metaspace  ] GC(8) Metaspace: 47161K->47161K(1091584K)
[2020-10-21T11:36:37.255+0800][gc            ] GC(8) Pause Young (Normal) (G1 Evacuation Pause) 192M->144M(1024M) 21.380ms
[2020-10-21T11:36:37.256+0800][gc,cpu        ] GC(8) User=0.03s Sys=0.06s Real=0.02s
[2020-10-21T11:45:42.679+0800][gc,start      ] GC(9) Pause Young (Normal) (G1 Evacuation Pause)
[2020-10-21T11:45:42.680+0800][gc,task       ] GC(9) Using 10 workers of 10 for evacuation
[2020-10-21T11:45:42.706+0800][gc,mmu        ] GC(9) MMU target violated: 21.0ms (20.0ms/21.0ms)
[2020-10-21T11:45:42.706+0800][gc,phases     ] GC(9)   Pre Evacuate Collection Set: 1.2ms
[2020-10-21T11:45:42.706+0800][gc,phases     ] GC(9)   Evacuate Collection Set: 23.6ms
[2020-10-21T11:45:42.706+0800][gc,phases     ] GC(9)   Post Evacuate Collection Set: 0.8ms
[2020-10-21T11:45:42.706+0800][gc,phases     ] GC(9)   Other: 1.3ms
[2020-10-21T11:45:42.706+0800][gc,heap       ] GC(9) Eden regions: 48->0(47)
[2020-10-21T11:45:42.706+0800][gc,heap       ] GC(9) Survivor regions: 3->4(7)
[2020-10-21T11:45:42.706+0800][gc,heap       ] GC(9) Old regions: 13->13
[2020-10-21T11:45:42.706+0800][gc,heap       ] GC(9) Humongous regions: 129->129
[2020-10-21T11:45:42.706+0800][gc,metaspace  ] GC(9) Metaspace: 47203K->47203K(1093632K)
[2020-10-21T11:45:42.706+0800][gc            ] GC(9) Pause Young (Normal) (G1 Evacuation Pause) 192M->145M(1024M) 26.944ms
[2020-10-21T11:45:42.706+0800][gc,cpu        ] GC(9) User=0.03s Sys=0.10s Real=0.03s
[2020-10-21T12:01:29.117+0800][gc,start      ] GC(10) Pause Young (Normal) (G1 Evacuation Pause)
[2020-10-21T12:01:29.118+0800][gc,task       ] GC(10) Using 10 workers of 10 for evacuation
[2020-10-21T12:01:29.133+0800][gc,phases     ] GC(10)   Pre Evacuate Collection Set: 1.8ms
[2020-10-21T12:01:29.133+0800][gc,phases     ] GC(10)   Evacuate Collection Set: 12.6ms
[2020-10-21T12:01:29.133+0800][gc,phases     ] GC(10)   Post Evacuate Collection Set: 0.5ms
[2020-10-21T12:01:29.133+0800][gc,phases     ] GC(10)   Other: 1.7ms
[2020-10-21T12:01:29.133+0800][gc,heap       ] GC(10) Eden regions: 47->0(47)
[2020-10-21T12:01:29.133+0800][gc,heap       ] GC(10) Survivor regions: 4->4(7)
[2020-10-21T12:01:29.133+0800][gc,heap       ] GC(10) Old regions: 13->14
[2020-10-21T12:01:29.133+0800][gc,heap       ] GC(10) Humongous regions: 129->129
[2020-10-21T12:01:29.133+0800][gc,metaspace  ] GC(10) Metaspace: 47280K->47280K(1093632K)
[2020-10-21T12:01:29.133+0800][gc            ] GC(10) Pause Young (Normal) (G1 Evacuation Pause) 192M->145M(1024M) 16.590ms
[2020-10-21T12:01:29.133+0800][gc,cpu        ] GC(10) User=0.03s Sys=0.06s Real=0.02s
[2020-10-21T12:06:48.688+0800][gc,heap,exit  ] Heap
[2020-10-21T12:06:48.689+0800][gc,heap,exit  ]  garbage-first heap   total 1048576K, used 173847K [0x00000007c0000000, 0x0000000800000000)
[2020-10-21T12:06:48.689+0800][gc,heap,exit  ]   region size 1024K, 29 young (29696K), 4 survivors (4096K)
[2020-10-21T12:06:48.689+0800][gc,heap,exit  ]  Metaspace       used 47905K, capacity 50042K, committed 50224K, reserved 1093632K
[2020-10-21T12:06:48.689+0800][gc,heap,exit  ]   class space    used 5486K, capacity 6459K, committed 6528K, reserved 1048576K
