[2020-10-21T10:51:39.170+0800][gc,heap] Heap region size: 1M
[2020-10-21T10:51:39.174+0800][gc     ] Using G1
[2020-10-21T10:51:39.174+0800][gc,heap,coops] Heap address: 0x00000007e0000000, size: 512 MB, Compressed Oops mode: Zero based, Oop shift amount: 3
[2020-10-21T10:51:42.215+0800][gc,start     ] GC(0) Pause Young (Normal) (G1 Evacuation Pause)
[2020-10-21T10:51:42.216+0800][gc,task      ] GC(0) Using 10 workers of 10 for evacuation
[2020-10-21T10:51:42.222+0800][gc,phases    ] GC(0)   Pre Evacuate Collection Set: 0.0ms
[2020-10-21T10:51:42.222+0800][gc,phases    ] GC(0)   Evacuate Collection Set: 4.7ms
[2020-10-21T10:51:42.222+0800][gc,phases    ] GC(0)   Post Evacuate Collection Set: 0.5ms
[2020-10-21T10:51:42.222+0800][gc,phases    ] GC(0)   Other: 1.0ms
[2020-10-21T10:51:42.222+0800][gc,heap      ] GC(0) Eden regions: 25->0(21)
[2020-10-21T10:51:42.222+0800][gc,heap      ] GC(0) Survivor regions: 0->4(4)
[2020-10-21T10:51:42.222+0800][gc,heap      ] GC(0) Old regions: 0->2
[2020-10-21T10:51:42.222+0800][gc,heap      ] GC(0) Humongous regions: 0->0
[2020-10-21T10:51:42.222+0800][gc,metaspace ] GC(0) Metaspace: 15155K->15155K(1062912K)
[2020-10-21T10:51:42.222+0800][gc           ] GC(0) Pause Young (Normal) (G1 Evacuation Pause) 25M->5M(512M) 6.387ms
[2020-10-21T10:51:42.222+0800][gc,cpu       ] GC(0) User=0.03s Sys=0.02s Real=0.01s
[2020-10-21T10:51:45.185+0800][gc,heap,exit ] Heap
[2020-10-21T10:51:45.185+0800][gc,heap,exit ]  garbage-first heap   total 524288K, used 5731K [0x00000007e0000000, 0x0000000800000000)
[2020-10-21T10:51:45.185+0800][gc,heap,exit ]   region size 1024K, 5 young (5120K), 4 survivors (4096K)
[2020-10-21T10:51:45.185+0800][gc,heap,exit ]  Metaspace       used 15169K, capacity 15472K, committed 15744K, reserved 1062912K
[2020-10-21T10:51:45.185+0800][gc,heap,exit ]   class space    used 1534K, capacity 1644K, committed 1664K, reserved 1048576K
