[2020-10-21T10:58:14.786+0800][gc,heap] Heap region size: 1M
[2020-10-21T10:58:14.791+0800][gc     ] Using G1
[2020-10-21T10:58:14.791+0800][gc,heap,coops] Heap address: 0x00000007e0000000, size: 512 MB, Compressed Oops mode: Zero based, Oop shift amount: 3
[2020-10-21T11:00:50.054+0800][gc,start     ] GC(0) Pause Young (Normal) (G1 Evacuation Pause)
[2020-10-21T11:00:50.055+0800][gc,task      ] GC(0) Using 10 workers of 10 for evacuation
[2020-10-21T11:00:50.091+0800][gc,mmu       ] GC(0) MMU target violated: 21.0ms (20.0ms/21.0ms)
[2020-10-21T11:00:50.092+0800][gc,phases    ] GC(0)   Pre Evacuate Collection Set: 1.0ms
[2020-10-21T11:00:50.092+0800][gc,phases    ] GC(0)   Evacuate Collection Set: 34.4ms
[2020-10-21T11:00:50.092+0800][gc,phases    ] GC(0)   Post Evacuate Collection Set: 0.4ms
[2020-10-21T11:00:50.092+0800][gc,phases    ] GC(0)   Other: 1.9ms
[2020-10-21T11:00:50.092+0800][gc,heap      ] GC(0) Eden regions: 25->0(21)
[2020-10-21T11:00:50.092+0800][gc,heap      ] GC(0) Survivor regions: 0->4(4)
[2020-10-21T11:00:50.092+0800][gc,heap      ] GC(0) Old regions: 0->2
[2020-10-21T11:00:50.092+0800][gc,heap      ] GC(0) Humongous regions: 0->0
[2020-10-21T11:00:50.092+0800][gc,metaspace ] GC(0) Metaspace: 15242K->15242K(1062912K)
[2020-10-21T11:00:50.092+0800][gc           ] GC(0) Pause Young (Normal) (G1 Evacuation Pause) 25M->5M(512M) 37.857ms
[2020-10-21T11:00:50.092+0800][gc,cpu       ] GC(0) User=0.04s Sys=0.14s Real=0.04s
[2020-10-21T12:06:52.137+0800][gc,heap,exit ] Heap
[2020-10-21T12:06:52.137+0800][gc,heap,exit ]  garbage-first heap   total 524288K, used 13945K [0x00000007e0000000, 0x0000000800000000)
[2020-10-21T12:06:52.137+0800][gc,heap,exit ]   region size 1024K, 13 young (13312K), 4 survivors (4096K)
[2020-10-21T12:06:52.137+0800][gc,heap,exit ]  Metaspace       used 15999K, capacity 16336K, committed 16640K, reserved 1064960K
[2020-10-21T12:06:52.137+0800][gc,heap,exit ]   class space    used 1580K, capacity 1676K, committed 1792K, reserved 1048576K
